../source/router_eligible_device_app.c:644:13:APP_ThrNwkJoin	8	static
../source/router_eligible_device_app.c:916:13:APP_JoinEventsHandler	8	static
../source/router_eligible_device_app.c:662:13:App_JoinTimerCallback	8	static
../source/router_eligible_device_app.c:797:13:APP_AppModeHandleKeyboard	8	static
../source/router_eligible_device_app.c:892:13:App_UpdateStateLeds	8	static
../source/router_eligible_device_app.c:683:13:APP_ConfigModeSwShortPressHandler	8	static
../source/router_eligible_device_app.c:754:13:APP_ConfigModeHandleKeyboard	8	static
../source/router_eligible_device_app.c:866:13:App_HandleKeyboard	8	static
../source/router_eligible_device_app.c:1519:13:App_RestoreLeaderLed	8	static
../source/router_eligible_device_app.c:1252:13:APP_LocalDataSinkRelease	24	static
../source/router_eligible_device_app.c:1051:20:APP_SendDataSinkCommand	32	static
../source/router_eligible_device_app.c:1102:13:APP_SendDataSinkRelease	24	static
../source/router_eligible_device_app.c:964:13:APP_CoapGenericCallback	8	static
../source/router_eligible_device_app.c:1480:13:APP_CoapSinkCb	16	static
../source/router_eligible_device_app.c:1305:13:APP_ProcessLedCmd	24	static
../source/router_eligible_device_app.c:1126:13:APP_SendLedCommand	24	static
../source/router_eligible_device_app.c:1234:13:APP_SendLedColorWheel	32	static
../source/router_eligible_device_app.c:1217:13:APP_SendLedFlash	16	static
../source/router_eligible_device_app.c:1200:13:APP_SendLedRgbOff	40	static
../source/router_eligible_device_app.c:1275:13:APP_CoapLedCb	16	static
../source/router_eligible_device_app.c:1169:13:APP_SendLedRgbOn	56	static
../source/router_eligible_device_app.c:1002:13:APP_ReportTemp	24	static
../source/router_eligible_device_app.c:1080:13:APP_SendDataSinkCreate	16	static
../source/router_eligible_device_app.c:597:13:APP_InitCoapDemo	96	static
../source/router_eligible_device_app.c:268:13:APP_CoapResource2Cb	56	static
../source/router_eligible_device_app.c:205:13:APP_CoapResource1Cb	32	static
../source/router_eligible_device_app.c:621:13:APP_GetCounter	8	static
../source/router_eligible_device_app.c:199:13:PlusCounterRouter2	8	static
../source/router_eligible_device_app.c:1409:13:APP_CoapTempCb	88	static
../source/router_eligible_device_app.c:289:6:APP_Init	8	static
../source/router_eligible_device_app.c:352:6:APP_Handler	8	static
../source/router_eligible_device_app.c:377:6:APP_NwkScanHandler	16	static
../source/router_eligible_device_app.c:403:6:Stack_to_APP_Handler	16	static
../source/router_eligible_device_app.c:511:6:APP_Commissioning_Handler	80	static
../source/router_eligible_device_app.c:581:6:App_RestoreLeaderLedCb	8	static
