../source/router_eligible_device_app.c:311:13:i2c_release_bus_delay	0	static
../source/router_eligible_device_app.c:731:13:APP_ThrNwkJoin	8	static
../source/router_eligible_device_app.c:1003:13:APP_JoinEventsHandler	8	static
../source/router_eligible_device_app.c:749:13:App_JoinTimerCallback	8	static
../source/router_eligible_device_app.c:884:13:APP_AppModeHandleKeyboard	8	static
../source/router_eligible_device_app.c:979:13:App_UpdateStateLeds	8	static
../source/router_eligible_device_app.c:770:13:APP_ConfigModeSwShortPressHandler	8	static
../source/router_eligible_device_app.c:841:13:APP_ConfigModeHandleKeyboard	8	static
../source/router_eligible_device_app.c:953:13:App_HandleKeyboard	8	static
../source/router_eligible_device_app.c:1606:13:App_RestoreLeaderLed	8	static
../source/router_eligible_device_app.c:1339:13:APP_LocalDataSinkRelease	24	static
../source/router_eligible_device_app.c:1138:20:APP_SendDataSinkCommand	32	static
../source/router_eligible_device_app.c:1189:13:APP_SendDataSinkRelease	24	static
../source/router_eligible_device_app.c:1051:13:APP_CoapGenericCallback	8	static
../source/router_eligible_device_app.c:1567:13:APP_CoapSinkCb	16	static
../source/router_eligible_device_app.c:1392:13:APP_ProcessLedCmd	24	static
../source/router_eligible_device_app.c:1213:13:APP_SendLedCommand	24	static
../source/router_eligible_device_app.c:1321:13:APP_SendLedColorWheel	32	static
../source/router_eligible_device_app.c:1304:13:APP_SendLedFlash	16	static
../source/router_eligible_device_app.c:1287:13:APP_SendLedRgbOff	40	static
../source/router_eligible_device_app.c:1362:13:APP_CoapLedCb	16	static
../source/router_eligible_device_app.c:1256:13:APP_SendLedRgbOn	56	static
../source/router_eligible_device_app.c:1089:13:APP_ReportTemp	24	static
../source/router_eligible_device_app.c:1167:13:APP_SendDataSinkCreate	16	static
../source/router_eligible_device_app.c:684:13:APP_InitCoapDemo	96	static
../source/router_eligible_device_app.c:291:13:APP_CoapResource2Cb	56	static
../source/router_eligible_device_app.c:228:13:APP_CoapResource1Cb	32	static
../source/router_eligible_device_app.c:708:13:APP_GetCounter	8	static
../source/router_eligible_device_app.c:223:13:PlusCounterRouter2	8	static
../source/router_eligible_device_app.c:1496:13:APP_CoapTempCb	88	static
../source/router_eligible_device_app.c:320:6:BOARD_I2C_ReleaseBus	24	static
../source/router_eligible_device_app.c:371:6:APP_Init	8	static
../source/router_eligible_device_app.c:438:6:APP_Handler	8	static
../source/router_eligible_device_app.c:463:6:APP_NwkScanHandler	16	static
../source/router_eligible_device_app.c:489:6:Stack_to_APP_Handler	16	static
../source/router_eligible_device_app.c:597:6:APP_Commissioning_Handler	80	static
../source/router_eligible_device_app.c:668:6:App_RestoreLeaderLedCb	8	static
