../source/router_eligible_device_app.c:639:13:APP_ThrNwkJoin	8	static
../source/router_eligible_device_app.c:911:13:APP_JoinEventsHandler	8	static
../source/router_eligible_device_app.c:657:13:App_JoinTimerCallback	8	static
../source/router_eligible_device_app.c:792:13:APP_AppModeHandleKeyboard	8	static
../source/router_eligible_device_app.c:887:13:App_UpdateStateLeds	8	static
../source/router_eligible_device_app.c:678:13:APP_ConfigModeSwShortPressHandler	8	static
../source/router_eligible_device_app.c:749:13:APP_ConfigModeHandleKeyboard	8	static
../source/router_eligible_device_app.c:861:13:App_HandleKeyboard	8	static
../source/router_eligible_device_app.c:1514:13:App_RestoreLeaderLed	8	static
../source/router_eligible_device_app.c:1247:13:APP_LocalDataSinkRelease	24	static
../source/router_eligible_device_app.c:1046:20:APP_SendDataSinkCommand	32	static
../source/router_eligible_device_app.c:1097:13:APP_SendDataSinkRelease	24	static
../source/router_eligible_device_app.c:959:13:APP_CoapGenericCallback	8	static
../source/router_eligible_device_app.c:1475:13:APP_CoapSinkCb	16	static
../source/router_eligible_device_app.c:1300:13:APP_ProcessLedCmd	24	static
../source/router_eligible_device_app.c:1121:13:APP_SendLedCommand	24	static
../source/router_eligible_device_app.c:1229:13:APP_SendLedColorWheel	32	static
../source/router_eligible_device_app.c:1212:13:APP_SendLedFlash	16	static
../source/router_eligible_device_app.c:1195:13:APP_SendLedRgbOff	40	static
../source/router_eligible_device_app.c:1270:13:APP_CoapLedCb	16	static
../source/router_eligible_device_app.c:1164:13:APP_SendLedRgbOn	56	static
../source/router_eligible_device_app.c:997:13:APP_ReportTemp	24	static
../source/router_eligible_device_app.c:1075:13:APP_SendDataSinkCreate	16	static
../source/router_eligible_device_app.c:594:13:APP_InitCoapDemo	96	static
../source/router_eligible_device_app.c:267:13:APP_CoapResource2Cb	64	static
../source/router_eligible_device_app.c:204:13:APP_CoapResource1Cb	32	static
../source/router_eligible_device_app.c:618:13:APP_GetCounter	8	static
../source/router_eligible_device_app.c:199:13:PlusCounterRouter2	8	static
../source/router_eligible_device_app.c:1404:13:APP_CoapTempCb	88	static
../source/router_eligible_device_app.c:287:6:APP_Init	8	static
../source/router_eligible_device_app.c:350:6:APP_Handler	8	static
../source/router_eligible_device_app.c:375:6:APP_NwkScanHandler	16	static
../source/router_eligible_device_app.c:401:6:Stack_to_APP_Handler	16	static
../source/router_eligible_device_app.c:509:6:APP_Commissioning_Handler	80	static
../source/router_eligible_device_app.c:578:6:App_RestoreLeaderLedCb	8	static
