18:59:58 **** Incremental Build of configuration Debug for project frdmkw41z_Leader_Router1 ****
make -r -j8 all 
make[1]: Nothing to be done for 'main-build'.
Performing post-build steps
arm-none-eabi-size "frdmkw41z_Leader_Router1.axf"; # arm-none-eabi-objcopy -v -O binary "frdmkw41z_Leader_Router1.axf" "frdmkw41z_Leader_Router1.bin" ; # checksum -p MKW41Z512xxx4 -d "frdmkw41z_Leader_Router1.bin";
   text	   data	    bss	    dec	    hex	filename
 357192	  68551	  58568	 484311	  763d7	frdmkw41z_Leader_Router1.axf
 

18:59:59 Build Finished. 0 errors, 0 warnings. (took 1s.153ms)

